@onedark_flavor mocha
@onedark_menu_selected_style fg=#{@thm_surface_0},bg=#{@thm_yellow}
@onedark_pane_active_border_style ##{?pane_in_mode,fg=#{@thm_lavender},##{?pane_synchronized,fg=#{@thm_mauve},fg=#{@thm_lavender}}}
